// Testing imports

import * as _google_api_http_pb from "./google/api/http_pb";
import * as _google_protobuf_descriptor_pb from "./google/protobuf/descriptor_pb";
import * as package_hello_world from "@package/hello-world";
import * as hallo_welt__my_awesome_protos_pb from "hallo-welt/my/awesome/protos_pb";